// Jest Snapshot v1, https://goo.gl/fbAQLP

exports[`Tests of <Sixth/> component First render of <Sixth/> component Renders properly 1`] = `
"<div className=\\"finalDiv\\">
  <div className=\\"leftImgDiv\\" />
  <div className=\\"thankDiv\\">
    <h1>
      Спасибо, что посмотрели мое портфолио ✌ 
    </h1>
    <p>
      Если Вас заинтересовала моя кандидатура, то Вы можете связаться со мной несколькими способами:
    </p>
    <div className=\\"linkDiv\\">
      <b>
        inst:
         
        <a href=\\"https://www.instagram.com/jjul_ash/\\">
          @jjul_ash
        </a>
      </b>
      <b>
        mail: 
        <a href=\\"jjul26@mail.ru\\">
          jjul26@mail.ru
        </a>
      </b>
    </div>
  </div>
</div>"
`;
